
[TestResolve/test - 1]
test 1.0.0
├─ 1: reg|Selector="" | bob@^1.0.0 1.2.3
├─ reg|Selector="" | charlie@2.0.1 2.0.1
│  └─ reg|Selector="" | alice@~1.2.0 1.2.3
│     └─ $1@^1.2.3
├─ reg|KnownAs="sharlie"|Selector="" | charlie@2.0.0 2.0.0
│  └─ reg|Selector="" | alice@~1.2.0 1.2.3
│     └─ $1@^1.2.3
├─ reg|KnownAs="zalice"|Selector="" | alice@1.0.0 1.0.0
└─ reg|Selector="" | alice@^1.2.3 1.3.0
   └─ $1@*

---

[TestResolve/test - 2]
[
  {
    "ID": "OSV-123-456",
    "DevOnly": false,
    "ProblemChains": [
      [
        {
          "From": 0,
          "To": 4,
          "Requirement": "1.0.0",
          "Type": {}
        }
      ],
      [
        {
          "From": 2,
          "To": 6,
          "Requirement": "~1.2.0",
          "Type": {}
        },
        {
          "From": 0,
          "To": 2,
          "Requirement": "2.0.1",
          "Type": {}
        }
      ],
      [
        {
          "From": 3,
          "To": 7,
          "Requirement": "~1.2.0",
          "Type": {}
        },
        {
          "From": 0,
          "To": 3,
          "Requirement": "2.0.0",
          "Type": {}
        }
      ]
    ],
    "NonProblemChains": []
  },
  {
    "ID": "OSV-456-789",
    "DevOnly": false,
    "ProblemChains": [
      [
        {
          "From": 0,
          "To": 1,
          "Requirement": "^1.0.0",
          "Type": {}
        }
      ],
      [
        {
          "From": 6,
          "To": 1,
          "Requirement": "^1.2.3",
          "Type": {}
        },
        {
          "From": 2,
          "To": 6,
          "Requirement": "~1.2.0",
          "Type": {}
        },
        {
          "From": 0,
          "To": 2,
          "Requirement": "2.0.1",
          "Type": {}
        }
      ],
      [
        {
          "From": 7,
          "To": 1,
          "Requirement": "^1.2.3",
          "Type": {}
        },
        {
          "From": 3,
          "To": 7,
          "Requirement": "~1.2.0",
          "Type": {}
        },
        {
          "From": 0,
          "To": 3,
          "Requirement": "2.0.0",
          "Type": {}
        }
      ]
    ],
    "NonProblemChains": [
      [
        {
          "From": 5,
          "To": 1,
          "Requirement": "*",
          "Type": {}
        },
        {
          "From": 0,
          "To": 5,
          "Requirement": "^1.2.3",
          "Type": {}
        }
      ]
    ]
  }
]
---
